Right click in the folder and press Git Bash here
dt8482kr@T305024-1625288 MINGW64 /e/MCTC/WebProg (master)
$ git status
On branch master
Your branch is up to date with 'origin/master'.

Untracked files:
  (use "git add <file>..." to include in what will be committed)
        Chapter1.zip
        Chapter2.zip
        Chapter2/ConferenceForm.css
        Chapter2/ConferenceForm.html
        Chapter3/

nothing added to commit but untracked files present (use "git add" to track)

dt8482kr@T305024-1625288 MINGW64 /e/MCTC/WebProg (master)
$ git add.
git: 'add.' is not a git command. See 'git --help'.

The most similar command is
        add

dt8482kr@T305024-1625288 MINGW64 /e/MCTC/WebProg (master)
$ git add .

dt8482kr@T305024-1625288 MINGW64 /e/MCTC/WebProg (master)
$ git commit . -m "Second Commit"
[master 0f0a65c] Second Commit
 Committer: Nick Kieland <dt8482kr@go.minneapolis.edu>
Your name and email address were configured automatically based
on your username and hostname. Please check that they are accurate.
You can suppress this message by setting them explicitly. Run the
following command and follow the instructions in your editor to edit
your configuration file:

    git config --global --edit

After doing this, you may fix the identity used for this commit with:

    git commit --amend --reset-author

 6 files changed, 168 insertions(+)
 create mode 100644 Chapter1.zip
 create mode 100644 Chapter2.zip
 create mode 100644 Chapter2/ConferenceForm.css
 create mode 100644 Chapter2/ConferenceForm.html
 create mode 100644 Chapter3/button_click.html
 create mode 100644 Chapter3/quiz.html

dt8482kr@T305024-1625288 MINGW64 /e/MCTC/WebProg (master)
$ git push
Enumerating objects: 12, done.
Counting objects: 100% (12/12), done.
Delta compression using up to 4 threads
Compressing objects: 100% (10/10), done.
Writing objects: 100% (10/10), 131.84 KiB | 10.14 MiB/s, done.
Total 10 (delta 1), reused 0 (delta 0)
remote: Resolving deltas: 100% (1/1), completed with 1 local object.
To https://github.com/kieland13/Lab1.git
   260efbd..0f0a65c  master -> master
